reanna@example.com kale@example.org josue@example.com keara@example.com buster@example.net gay@example.net florine@example.org
   adrian@example.org maximillia@example.net 

izabella@example.com virgil@example.net bartholome@example.org yesenia@example.net walker@example.net milan@example.net dylan@example.com
   jameson@example.net winston@example.org 

thelma@example.net kasey@example.net sydney@example.net dejah@example.com ricardo@example.net eve@example.net harvey@example.com
   maureen@example.net paul@example.org 

dock@example.org alec@example.net rolando@example.net amani@example.org sharon@example.net crawford@example.org flavio@example.net
   dee@example.net hershel@example.net 

geraldine@example.com freda@example.com anita@example.org renee@example.com adolf@example.org christopher@example.net jamie@example.com
   peyton@example.org chris@example.org 

elliot@example.net rubie@example.org kurtis@example.com brett@example.org marc@example.net hanna@example.com brooks@example.com
   lane@example.org eleonore@example.org 

luisa@example.net ambrose@example.com stanford@example.org devin@example.org kirstin@example.net francesco@example.net nick@example.org
   bettye@example.com jena@example.org 

jarred@example.org jeff@example.com brooklyn@example.org lelia@example.net marc@example.com darryl@example.com marcus@example.net
   sandra@example.org keira@example.net 

leland@example.com francesco@example.com ariel@example.org kiley@example.com sophia@example.org vicente@example.net deontae@example.net
   jaycee@example.org euna@example.com 

patience@example.com ethel@example.net jed@example.net loren@example.net karlie@example.com haskell@example.org albert@example.org
   omari@example.org adeline@example.com 

rahul@example.org ulices@example.net vivian@example.org willy@example.net daija@example.org jaylin@example.org blanca@example.com
   scotty@example.net esperanza@example.org 

king@example.org derrick@example.com cyrus@example.org annie@example.net zachery@example.org lewis@example.net amari@example.org
   aron@example.com fernando@example.com 

zachery@example.com norbert@example.com cynthia@example.com katarina@example.org prince@example.org theodora@example.net linda@example.net
   gracie@example.org olin@example.com 

emely@example.com alphonso@example.net nelda@example.com alysson@example.com vickie@example.org jed@example.net columbus@example.com
   kaela@example.com magali@example.net 

mustafa@example.com hilma@example.com lorenzo@example.com cleo@example.com loyal@example.org raleigh@example.net evan@example.org
   greg@example.net easton@example.org 

guadalupe@example.com dee@example.com catherine@example.com camron@example.net ethel@example.com mustafa@example.net sheila@example.com
   margarett@example.com adolphus@example.net 

lafayette@example.com titus@example.org shawn@example.net laura@example.org karolann@example.org nia@example.net marlene@example.com
   scottie@example.org leonora@example.net 

webster@example.com garry@example.net kianna@example.net earnest@example.org darby@example.org andres@example.org nova@example.com
   stephania@example.net veronica@example.org 

paris@example.net hassan@example.org cassie@example.com sandra@example.com merle@example.net darrel@example.net julie@example.net
   lesly@example.com ressie@example.org 
   
vickie@example.com avery@example.com cecile@example.com glennie@example.net loy@example.com roslyn@example.net josefa@example.com
   linnie@example.net marlen@example.com 
lina@example.net patrick@example.net jamir@example.org hugh@example.com jerel@example.org roslyn@example.net mallory@example.net
   roslyn@example.org samara@example.net 
violette@example.com immanuel@example.com arne@example.org darian@example.com mose@example.net jermey@example.org fatima@example.net
   brady@example.com althea@example.net 
kareem@example.org juwan@example.com zack@example.net janice@example.org wilbert@example.net morris@example.com zella@example.org
   cole@example.net dario@example.com 
hayley@example.org abigale@example.org jettie@example.com fabiola@example.org hassie@example.org lauriane@example.net audra@example.com
   antwon@example.org annamarie@example.com 
octavia@example.com nikita@example.org xzavier@example.com austen@example.net ophelia@example.org dulce@example.org vilma@example.net
   vicky@example.org destiney@example.com 
aurelie@example.net sabryna@example.org larry@example.net elda@example.org fredrick@example.org tad@example.com anastacio@example.net
   samir@example.org michelle@example.org 
jennifer@example.net mollie@example.net rebecca@example.net santina@example.org augustine@example.org roger@example.org damaris@example.net
   theodore@example.net catalina@example.net 
dorian@example.net sidney@example.org dexter@example.org creola@example.net juston@example.net gabe@example.org martine@example.org
   era@example.com brett@example.net 
verlie@example.com arturo@example.org toni@example.org cleve@example.org kayla@example.org darwin@example.net antonia@example.com
   miracle@example.org felicity@example.org 
augustus@example.net jocelyn@example.org eldon@example.com clara@example.net shanna@example.net bailey@example.org torrance@example.org
   alfredo@example.com logan@example.com 
wilber@example.com noe@example.net loma@example.org madisyn@example.com kay@example.net deonte@example.com julius@example.net
   haylee@example.org reese@example.org 
paxton@example.org loraine@example.org ericka@example.org shaun@example.org aleen@example.net leilani@example.com greta@example.net
   stephon@example.com rollin@example.org 
sylvester@example.net dalton@example.org natalia@example.org gunner@example.org brook@example.org kenna@example.net keshaun@example.net
   ella@example.com laurel@example.net 
johnson@example.org jovan@example.com gerda@example.com kayla@example.org delfina@example.com kurt@example.org emerald@example.org
   cordell@example.net gilda@example.org 
julia@example.com brycen@example.com ray@example.net burnice@example.net cleveland@example.org name@example.com leif@example.org
   earnestine@example.net keely@example.com 
maritza@example.com estelle@example.net monique@example.com devyn@example.net eldred@example.com aida@example.org keenan@example.com
   karolann@example.net rolando@example.net 
colt@example.com liam@example.com scottie@example.com jillian@example.net chris@example.org kayley@example.net cicero@example.net
   timmy@example.org rey@example.org 
lurline@example.com carissa@example.org dejon@example.org maryse@example.com selina@example.org jamil@example.com anthony@example.net
   gennaro@example.net virgie@example.org 
addie@example.com lizzie@example.com florian@example.org willis@example.org norval@example.net julia@example.org ryder@example.net
   beatrice@example.com eloy@example.com 
tobin@example.org florine@example.net dudley@example.net johnathon@example.com kennedi@example.com cynthia@example.net austin@example.net
   jovanny@example.com amparo@example.org 
georgianna@example.net mandy@example.org isobel@example.org leon@example.net kendrick@example.net lynn@example.org jettie@example.net
   kassandra@example.net simeon@example.net 
fidel@example.com daphnee@example.net candace@example.net manuel@example.org lavada@example.com antwan@example.com peyton@example.com
   marguerite@example.org cathy@example.net 
cielo@example.net carmen@example.net fritz@example.org brian@example.org jeromy@example.com saul@example.net jody@example.net
   malachi@example.com orlo@example.com 
jaida@example.net shaina@example.org bernard@example.org camron@example.org felicity@example.net mateo@example.org maxine@example.com
   magnolia@example.net demond@example.com 
jess@example.com crawford@example.com brooks@example.net dixie@example.com brandyn@example.org alene@example.org narciso@example.net
   loma@example.com lyla@example.net 
norma@example.org jerrold@example.com aniya@example.com skylar@example.com odessa@example.org ottilie@example.com alvera@example.org
   jayce@example.net carmela@example.com 
ezra@example.org marianne@example.org ellen@example.org raymond@example.com dorian@example.org moshe@example.net leta@example.com
   cletus@example.com anibal@example.org 
damaris@example.net gabriella@example.net treva@example.org korey@example.net palma@example.net joy@example.com randall@example.com
   francesca@example.net eryn@example.net 
kira@example.org jedediah@example.net maida@example.com alia@example.org zola@example.org keshawn@example.net adela@example.org
   alvena@example.org beau@example.net 
bertrand@example.org 
   summer@example.com 
   shanna@example.net 
   emie@example.com 
   garett@example.net 
   sarah@example.net 
   marta@example.org
   bryce@example.net 
   griffin@example.net 
