teresa@example.com gay@example.com candice@example.net cornelius@example.net jarret@example.org zachariah@example.org wilfred@example.com
   hildegard@example.com taurean@example.org 

alayna@example.com claude@example.net stephan@example.net jordan@example.net juston@example.com beatrice@example.org santos@example.org
   chelsey@example.net ines@example.com 

nicolas@example.com melyssa@example.net ulices@example.com dylan@example.com ivory@example.net josh@example.net reynold@example.com
   earnestine@example.com evans@example.com 

haskell@example.com yvette@example.net joannie@example.net cloyd@example.com madison@example.com perry@example.com electa@example.com
   theresa@example.net felicia@example.org 

omer@example.com shaniya@example.com ernie@example.com harold@example.net molly@example.net halie@example.org neil@example.net
   ashlynn@example.com reese@example.net 

vivien@example.com garrett@example.org neoma@example.net frederick@example.org maximus@example.com piper@example.com kayleigh@example.net
   laverna@example.net lindsey@example.org 

leland@example.com ian@example.com caroline@example.org mikel@example.net sabrina@example.org whitney@example.net yadira@example.net
   freda@example.org adelle@example.org 
destany@example.net westley@example.net trevion@example.org carolyne@example.com ollie@example.com jacinto@example.com courtney@example.org
   josephine@example.org trey@example.org 
kacie@example.com griffin@example.com jazmin@example.com anika@example.net kristian@example.org sincere@example.com rhoda@example.net
   jaiden@example.org gavin@example.net 
viola@example.net elliot@example.net juvenal@example.org general@example.com michaela@example.org ardella@example.net dortha@example.net
   ruth@example.com ottilie@example.net 
carter@example.com waylon@example.com dalton@example.org gregory@example.com timmothy@example.org bettye@example.net ole@example.com
   elmo@example.org richie@example.org 
mateo@example.org everett@example.net juliet@example.org linda@example.com ellie@example.net betsy@example.org adrianna@example.net
   cynthia@example.net berniece@example.com 
margret@example.com dominique@example.org clint@example.net baron@example.org yesenia@example.org erin@example.org leilani@example.net
   daryl@example.org blake@example.net 
madie@example.com jamir@example.org marcelina@example.com salma@example.net trever@example.org nathanial@example.net francesca@example.org
   angelo@example.org madyson@example.com 
elmo@example.net marian@example.org bert@example.net providenci@example.com darren@example.net kara@example.net greta@example.com
   seamus@example.com cornelius@example.com 
wayne@example.org elyssa@example.org sarah@example.org alex@example.com emmalee@example.com geovanny@example.net justina@example.com
   malachi@example.com adah@example.com 
demarco@example.com cordia@example.net armando@example.net clemmie@example.org herbert@example.net maurice@example.net adrienne@example.com
   khalil@example.com urban@example.org 
   
vida@example.net cindy@example.org drew@example.org 
   derick@example.com elbert@example.net 
   lauriane@example.net valentine@example.com
   lee@example.com eusebio@example.com 
